  console.log
    DEBUG IN TEST SUITE - calculateAge: 31

      at Object.log (src/__tests__/calculator.test.tsx:89:13)

  console.log
    DEBUG IN TEST SUITE - calculatePremium: {
      basePremium: 2873,
      ageLoad: 26,
      termDiscount: 5,
      frequencyPremium: 5000,
      gstAmount: 900,
      totalPremium: 5900
    }

      at Object.log (src/__tests__/calculator.test.tsx:90:13)

  console.log
    DEBUG INSIDE COMPONENT - inputs: {
      calcSumAssured: 200000,
      calcTerm: 15,
      calcFrequency: 'Yearly',
      calcDob: '1995-01-01'
    } quote: {
      basePremium: 2873,
      ageLoad: 26,
      termDiscount: 5,
      frequencyPremium: 5000,
      gstAmount: 900,
      totalPremium: 5900
    }

      at log (E:\HDFCLife-Assesment\frontend\src\app\(dashboard)../../agent/page.tsx:230:11)

  console.error
    Warning: React does not recognize the `layoutId` prop on a DOM element. If you intentionally want it to appear in the DOM as a custom attribute, spell it as lowercase `layoutid` instead. If you accidentally passed it from a parent component, remove it from the DOM element.
        at div
        at children (E:\HDFCLife-Assesment\frontend\src\__tests__\calculator.test.tsx:58:13)
        at button
        at div
        at div
        at main
        at div
        at AgentDashboard (E:\HDFCLife-Assesment\frontend\src\app\(dashboard)\agent\page.tsx:62:55)

    [0m [90m 90 |[39m     console[33m.[39mlog([32m"DEBUG IN TEST SUITE - calculatePremium:"[39m[33m,[39m calculatePremium([35m200000[39m[33m,[39m [35m15[39m[33m,[39m [32m"Yearly"[39m[33m,[39m [32m"1995-01-01"[39m))[33m;[39m
     [90m 91 |[39m
    [31m[1m>[22m[39m[90m 92 |[39m     render([33m<[39m[33mAgentDashboard[39m [33m/[39m[33m>[39m)[33m;[39m
     [90m    |[39m           [31m[1m^[22m[39m
     [90m 93 |[39m
     [90m 94 |[39m     [90m// Default calculations:[39m
     [90m 95 |[39m     [90m// sumAssured = 200,000[39m[0m

      at printWarning (../node_modules/react-dom/cjs/react-dom.development.js:86:30)
      at error (../node_modules/react-dom/cjs/react-dom.development.js:60:7)
      at validateProperty$1 (../node_modules/react-dom/cjs/react-dom.development.js:3757:7)
      at warnUnknownProperties (../node_modules/react-dom/cjs/react-dom.development.js:3803:21)
      at validateProperties$2 (../node_modules/react-dom/cjs/react-dom.development.js:3827:3)
      at validatePropertiesInDevelopment (../node_modules/react-dom/cjs/react-dom.development.js:9541:5)
      at setInitialProperties (../node_modules/react-dom/cjs/react-dom.development.js:9830:5)
      at finalizeInitialChildren (../node_modules/react-dom/cjs/react-dom.development.js:10950:3)
      at completeWork (../node_modules/react-dom/cjs/react-dom.development.js:22232:17)
      at completeUnitOfWork (../node_modules/react-dom/cjs/react-dom.development.js:26632:16)
      at performUnitOfWork (../node_modules/react-dom/cjs/react-dom.development.js:26607:5)
      at workLoopSync (../node_modules/react-dom/cjs/react-dom.development.js:26505:5)
      at renderRootSync (../node_modules/react-dom/cjs/react-dom.development.js:26473:7)
      at performConcurrentWorkOnRoot (../node_modules/react-dom/cjs/react-dom.development.js:25777:74)
      at flushActQueue (../node_modules/react/cjs/react.development.js:2667:24)
      at act (../node_modules/react/cjs/react.development.js:2582:11)
      at ../node_modules/@testing-library/react/dist/act-compat.js:46:25
      at renderRoot (../node_modules/@testing-library/react/dist/pure.js:189:26)
      at render (../node_modules/@testing-library/react/dist/pure.js:291:10)
      at Object.<anonymous> (src/__tests__/calculator.test.tsx:92:11)

  console.log
    DEBUG INSIDE COMPONENT - inputs: {
      calcSumAssured: 200000,
      calcTerm: 15,
      calcFrequency: 'Yearly',
      calcDob: '1995-01-01'
    } quote: {
      basePremium: 2873,
      ageLoad: 26,
      termDiscount: 5,
      frequencyPremium: 5000,
      gstAmount: 900,
      totalPremium: 5900
    }

      at log (E:\HDFCLife-Assesment\frontend\src\app\(dashboard)../../agent/page.tsx:230:11)

  console.log
    DEBUG INSIDE COMPONENT - inputs: {
      calcSumAssured: 200000,
      calcTerm: 15,
      calcFrequency: 'Yearly',
      calcDob: '1995-01-01'
    } quote: {
      basePremium: 2873,
      ageLoad: 26,
      termDiscount: 5,
      frequencyPremium: 5000,
      gstAmount: 900,
      totalPremium: 5900
    }

      at log (E:\HDFCLife-Assesment\frontend\src\app\(dashboard)../../agent/page.tsx:230:11)

  console.log
    DEBUG INSIDE COMPONENT - inputs: {
      calcSumAssured: 200000,
      calcTerm: 15,
      calcFrequency: 'Yearly',
      calcDob: '1995-01-01'
    } quote: {
      basePremium: 2873,
      ageLoad: 26,
      termDiscount: 5,
      frequencyPremium: 5000,
      gstAmount: 900,
      totalPremium: 5900
    }

      at log (E:\HDFCLife-Assesment\frontend\src\app\(dashboard)../../agent/page.tsx:230:11)

  console.log
    DEBUG INSIDE COMPONENT - inputs: {
      calcSumAssured: 500000,
      calcTerm: 15,
      calcFrequency: 'Yearly',
      calcDob: '1995-01-01'
    } quote: {
      basePremium: 7182,
      ageLoad: 26,
      termDiscount: 5,
      frequencyPremium: 7182,
      gstAmount: 1293,
      totalPremium: 8475
    }

      at log (E:\HDFCLife-Assesment\frontend\src\app\(dashboard)../../agent/page.tsx:230:11)

  console.log
    DEBUG INSIDE COMPONENT - inputs: {
      calcSumAssured: 200000,
      calcTerm: 15,
      calcFrequency: 'Yearly',
      calcDob: '1995-01-01'
    } quote: {
      basePremium: 2873,
      ageLoad: 26,
      termDiscount: 5,
      frequencyPremium: 5000,
      gstAmount: 900,
      totalPremium: 5900
    }

      at log (E:\HDFCLife-Assesment\frontend\src\app\(dashboard)../../agent/page.tsx:230:11)

  console.log
    DEBUG INSIDE COMPONENT - inputs: {
      calcSumAssured: 200000,
      calcTerm: 15,
      calcFrequency: 'Yearly',
      calcDob: '1995-01-01'
    } quote: {
      basePremium: 2873,
      ageLoad: 26,
      termDiscount: 5,
      frequencyPremium: 5000,
      gstAmount: 900,
      totalPremium: 5900
    }

      at log (E:\HDFCLife-Assesment\frontend\src\app\(dashboard)../../agent/page.tsx:230:11)

  console.log
    DEBUG INSIDE COMPONENT - inputs: {
      calcSumAssured: 200000,
      calcTerm: 15,
      calcFrequency: 'Monthly',
      calcDob: '1995-01-01'
    } quote: {
      basePremium: 239,
      ageLoad: 26,
      termDiscount: 5,
      frequencyPremium: 417,
      gstAmount: 75,
      totalPremium: 492
    }

      at log (E:\HDFCLife-Assesment\frontend\src\app\(dashboard)../../agent/page.tsx:230:11)

  console.log
    DEBUG INSIDE COMPONENT - inputs: {
      calcSumAssured: 200000,
      calcTerm: 15,
      calcFrequency: 'Yearly',
      calcDob: '1995-01-01'
    } quote: {
      basePremium: 2873,
      ageLoad: 26,
      termDiscount: 5,
      frequencyPremium: 5000,
      gstAmount: 900,
      totalPremium: 5900
    }

      at log (E:\HDFCLife-Assesment\frontend\src\app\(dashboard)../../agent/page.tsx:230:11)

  console.log
    DEBUG INSIDE COMPONENT - inputs: {
      calcSumAssured: 200000,
      calcTerm: 15,
      calcFrequency: 'Yearly',
      calcDob: '1995-01-01'
    } quote: {
      basePremium: 2873,
      ageLoad: 26,
      termDiscount: 5,
      frequencyPremium: 5000,
      gstAmount: 900,
      totalPremium: 5900
    }

      at log (E:\HDFCLife-Assesment\frontend\src\app\(dashboard)../../agent/page.tsx:230:11)

  console.log
    DEBUG INSIDE COMPONENT - inputs: {
      calcSumAssured: 200000,
      calcTerm: 30,
      calcFrequency: 'Yearly',
      calcDob: '1995-01-01'
    } quote: {
      basePremium: 2419,
      ageLoad: 26,
      termDiscount: 20,
      frequencyPremium: 5000,
      gstAmount: 900,
      totalPremium: 5900
    }

      at log (E:\HDFCLife-Assesment\frontend\src\app\(dashboard)../../agent/page.tsx:230:11)

